{
  "version": "1.4.0",
  "plugins_used": [
    {
      "name": "ArtifactoryDetector"
    },
    {
      "name": "AWSKeyDetector"
    },
    {
      "name": "AzureStorageKeyDetector"
    },
    {
      "name": "Base64HighEntropyString",
      "limit": 4.5
    },
    {
      "name": "BasicAuthDetector"
    },
    {
      "name": "CloudantDetector"
    },
    {
      "name": "DiscordBotTokenDetector"
    },
    {
      "name": "GitHubTokenDetector"
    },
    {
      "name": "HexHighEntropyString",
      "limit": 3.0
    },
    {
      "name": "IbmCloudIamDetector"
    },
    {
      "name": "IbmCosHmacDetector"
    },
    {
      "name": "JwtTokenDetector"
    },
    {
      "name": "KeywordDetector",
      "keyword_exclude": ""
    },
    {
      "name": "MailchimpDetector"
    },
    {
      "name": "NpmDetector"
    },
    {
      "name": "PrivateKeyDetector"
    },
    {
      "name": "SendGridDetector"
    },
    {
      "name": "SlackDetector"
    },
    {
      "name": "SoftlayerDetector"
    },
    {
      "name": "SquareOAuthDetector"
    },
    {
      "name": "StripeDetector"
    },
    {
      "name": "TwilioKeyDetector"
    }
  ],
  "filters_used": [
    {
      "path": "detect_secrets.filters.allowlist.is_line_allowlisted"
    },
    {
      "path": "detect_secrets.filters.common.is_baseline_file",
      "filename": ".secrets.baseline"
    },
    {
      "path": "detect_secrets.filters.common.is_ignored_due_to_verification_policies",
      "min_level": 2
    },
    {
      "path": "detect_secrets.filters.heuristic.is_indirect_reference"
    },
    {
      "path": "detect_secrets.filters.heuristic.is_likely_id_string"
    },
    {
      "path": "detect_secrets.filters.heuristic.is_lock_file"
    },
    {
      "path": "detect_secrets.filters.heuristic.is_not_alphanumeric_string"
    },
    {
      "path": "detect_secrets.filters.heuristic.is_potential_uuid"
    },
    {
      "path": "detect_secrets.filters.heuristic.is_prefixed_with_dollar_sign"
    },
    {
      "path": "detect_secrets.filters.heuristic.is_sequential_string"
    },
    {
      "path": "detect_secrets.filters.heuristic.is_swagger_file"
    },
    {
      "path": "detect_secrets.filters.heuristic.is_templated_secret"
    },
    {
      "path": "detect_secrets.filters.regex.should_exclude_file",
      "pattern": [
        "^\\.cache$"
      ]
    }
  ],
  "results": {
    ".env~": [
      {
        "type": "Base64 High Entropy String",
        "filename": ".env~",
        "hashed_secret": "00b84ac54df2142f0e6440bf71aee68cd7918fa1",
        "is_verified": false,
        "line_number": 1
      },
      {
        "type": "Secret Keyword",
        "filename": ".env~",
        "hashed_secret": "00b84ac54df2142f0e6440bf71aee68cd7918fa1",
        "is_verified": false,
        "line_number": 1
      },
      {
        "type": "Hex High Entropy String",
        "filename": ".env~",
        "hashed_secret": "c36814d3f0fef102600e4d60d52732e799c36a16",
        "is_verified": false,
        "line_number": 3
      },
      {
        "type": "Secret Keyword",
        "filename": ".env~",
        "hashed_secret": "c36814d3f0fef102600e4d60d52732e799c36a16",
        "is_verified": false,
        "line_number": 3
      },
      {
        "type": "Base64 High Entropy String",
        "filename": ".env~",
        "hashed_secret": "6de7780aba4e810fee8aba392b217b637095d63b",
        "is_verified": false,
        "line_number": 5
      },
      {
        "type": "Secret Keyword",
        "filename": ".env~",
        "hashed_secret": "6de7780aba4e810fee8aba392b217b637095d63b",
        "is_verified": false,
        "line_number": 5
      },
      {
        "type": "Base64 High Entropy String",
        "filename": ".env~",
        "hashed_secret": "d65388cb991b4e12ef00ea09e6c3e4c4a52fbc3c",
        "is_verified": false,
        "line_number": 6
      },
      {
        "type": "Secret Keyword",
        "filename": ".env~",
        "hashed_secret": "d65388cb991b4e12ef00ea09e6c3e4c4a52fbc3c",
        "is_verified": false,
        "line_number": 6
      },
      {
        "type": "Base64 High Entropy String",
        "filename": ".env~",
        "hashed_secret": "ca9340ea19dcc201f39519e51d7387d062a6dd4d",
        "is_verified": false,
        "line_number": 7
      },
      {
        "type": "Secret Keyword",
        "filename": ".env~",
        "hashed_secret": "ca9340ea19dcc201f39519e51d7387d062a6dd4d",
        "is_verified": false,
        "line_number": 7
      }
    ],
    "SpotidalTestApp/build-and-deploy.sh": [
      {
        "type": "Secret Keyword",
        "filename": "SpotidalTestApp/build-and-deploy.sh",
        "hashed_secret": "e7e22bb9474dd1f7051d4913da65a3484ffe99ab",
        "is_verified": false,
        "line_number": 13
      }
    ],
    "SpotidalTestApp/deploy-to-testflight.sh": [
      {
        "type": "Secret Keyword",
        "filename": "SpotidalTestApp/deploy-to-testflight.sh",
        "hashed_secret": "e7e22bb9474dd1f7051d4913da65a3484ffe99ab",
        "is_verified": false,
        "line_number": 91
      }
    ],
    "SpotidalTestApp/ios/SpotidalTestApp.xcodeproj/xcshareddata/xcschemes/SpotidalTestApp.xcscheme": [
      {
        "type": "Hex High Entropy String",
        "filename": "SpotidalTestApp/ios/SpotidalTestApp.xcodeproj/xcshareddata/xcschemes/SpotidalTestApp.xcscheme",
        "hashed_secret": "6760dd79e63f3070b115309c8e3f331873583739",
        "is_verified": false,
        "line_number": 17
      },
      {
        "type": "Hex High Entropy String",
        "filename": "SpotidalTestApp/ios/SpotidalTestApp.xcodeproj/xcshareddata/xcschemes/SpotidalTestApp.xcscheme",
        "hashed_secret": "c78ea0988e30ec61d324ae7e3b801d142e54c7e8",
        "is_verified": false,
        "line_number": 35
      }
    ],
    "alembic.ini": [
      {
        "type": "Basic Auth Credentials",
        "filename": "alembic.ini",
        "hashed_secret": "c3499c2729730a7f807efb8676a92dcb6f8a3f8f",
        "is_verified": false,
        "line_number": 58
      }
    ],
    "alembic/versions/1602a0aa9133_add_index_on_cover_url.py": [
      {
        "type": "Hex High Entropy String",
        "filename": "alembic/versions/1602a0aa9133_add_index_on_cover_url.py",
        "hashed_secret": "fd4e05ba6fa2fe437f7d9fbb289cb13baa57d7ae",
        "is_verified": false,
        "line_number": 13
      }
    ],
    "alembic/versions/5a121435d10e_add_cover_url_to_spotify_albums.py": [
      {
        "type": "Hex High Entropy String",
        "filename": "alembic/versions/5a121435d10e_add_cover_url_to_spotify_albums.py",
        "hashed_secret": "fd4e05ba6fa2fe437f7d9fbb289cb13baa57d7ae",
        "is_verified": false,
        "line_number": 12
      }
    ],
    "code-history-tool/tests/phases/test_phase_1.py": [
      {
        "type": "Hex High Entropy String",
        "filename": "code-history-tool/tests/phases/test_phase_1.py",
        "hashed_secret": "90bd1b48e958257948487b90bee080ba5ed00caa",
        "is_verified": false,
        "line_number": 21
      }
    ],
    "debug_now_playing_data.js": [
      {
        "type": "Base64 High Entropy String",
        "filename": "debug_now_playing_data.js",
        "hashed_secret": "5896a853ab90320bf152c588a528bdd05ebb7764",
        "is_verified": false,
        "line_number": 52
      }
    ],
    "debug_progress_tracking.js": [
      {
        "type": "Base64 High Entropy String",
        "filename": "debug_progress_tracking.js",
        "hashed_secret": "5896a853ab90320bf152c588a528bdd05ebb7764",
        "is_verified": false,
        "line_number": 78
      }
    ],
    "docs/api-refactoring-plan.md": [
      {
        "type": "Basic Auth Credentials",
        "filename": "docs/api-refactoring-plan.md",
        "hashed_secret": "a94a8fe5ccb19ba61c4c0873d391e987982fbbd3",
        "is_verified": false,
        "line_number": 562
      }
    ],
    "docs/development/code-history-tool-development-review.md": [
      {
        "type": "Hex High Entropy String",
        "filename": "docs/development/code-history-tool-development-review.md",
        "hashed_secret": "90bd1b48e958257948487b90bee080ba5ed00caa",
        "is_verified": false,
        "line_number": 100
      }
    ],
    "docs/implementation/forge-view-worker-implementation-plan.md": [
      {
        "type": "Secret Keyword",
        "filename": "docs/implementation/forge-view-worker-implementation-plan.md",
        "hashed_secret": "c3499c2729730a7f807efb8676a92dcb6f8a3f8f",
        "is_verified": false,
        "line_number": 367
      }
    ],
    "docs/sql-pipeline-dashboards-implementation-plan.md": [
      {
        "type": "Secret Keyword",
        "filename": "docs/sql-pipeline-dashboards-implementation-plan.md",
        "hashed_secret": "c3499c2729730a7f807efb8676a92dcb6f8a3f8f",
        "is_verified": false,
        "line_number": 1261
      }
    ],
    "docs/syncer-v2-modernization-plan.md": [
      {
        "type": "Secret Keyword",
        "filename": "docs/syncer-v2-modernization-plan.md",
        "hashed_secret": "e17c922de90ff2fd80c5c3bcacda25c494479114",
        "is_verified": false,
        "line_number": 747
      },
      {
        "type": "Secret Keyword",
        "filename": "docs/syncer-v2-modernization-plan.md",
        "hashed_secret": "c3499c2729730a7f807efb8676a92dcb6f8a3f8f",
        "is_verified": false,
        "line_number": 1611
      }
    ],
    "docs/syncer-v2-staging-test-plan.md": [
      {
        "type": "Secret Keyword",
        "filename": "docs/syncer-v2-staging-test-plan.md",
        "hashed_secret": "c3499c2729730a7f807efb8676a92dcb6f8a3f8f",
        "is_verified": false,
        "line_number": 282
      }
    ],
    "docs/testing-implementation-notes.md": [
      {
        "type": "Secret Keyword",
        "filename": "docs/testing-implementation-notes.md",
        "hashed_secret": "c3499c2729730a7f807efb8676a92dcb6f8a3f8f",
        "is_verified": false,
        "line_number": 572
      }
    ],
    "docs/testing-strategy-and-coverage-gaps.md": [
      {
        "type": "Secret Keyword",
        "filename": "docs/testing-strategy-and-coverage-gaps.md",
        "hashed_secret": "c3499c2729730a7f807efb8676a92dcb6f8a3f8f",
        "is_verified": false,
        "line_number": 1494
      }
    ],
    "gemini_playlist_suggester/.cache": [
      {
        "type": "Base64 High Entropy String",
        "filename": "gemini_playlist_suggester/.cache",
        "hashed_secret": "9475ff81b23e663661fde4019c6c5038929b4f66",
        "is_verified": false,
        "line_number": 1
      },
      {
        "type": "Base64 High Entropy String",
        "filename": "gemini_playlist_suggester/.cache",
        "hashed_secret": "e8f9da744d92cba915d44ed6f9aec574c0f74ccc",
        "is_verified": false,
        "line_number": 1
      }
    ],
    "gemini_playlist_suggester/mysql.cnf": [
      {
        "type": "Secret Keyword",
        "filename": "gemini_playlist_suggester/mysql.cnf",
        "hashed_secret": "c3499c2729730a7f807efb8676a92dcb6f8a3f8f",
        "is_verified": false,
        "line_number": 5
      }
    ],
    "gemini_playlist_suggester/test-suite/config/docker-compose.test.yml": [
      {
        "type": "Secret Keyword",
        "filename": "gemini_playlist_suggester/test-suite/config/docker-compose.test.yml",
        "hashed_secret": "206c80413b9a96c1312cc346b7d2517b84463edd",
        "is_verified": false,
        "line_number": 6
      },
      {
        "type": "Secret Keyword",
        "filename": "gemini_playlist_suggester/test-suite/config/docker-compose.test.yml",
        "hashed_secret": "c94d65f02a652d11c2e5c2e1ccf38dce5a076e1e",
        "is_verified": false,
        "line_number": 9
      }
    ],
    "gemini_playlist_suggester/test-suite/integration/services/test_integration.py": [
      {
        "type": "Secret Keyword",
        "filename": "gemini_playlist_suggester/test-suite/integration/services/test_integration.py",
        "hashed_secret": "c94d65f02a652d11c2e5c2e1ccf38dce5a076e1e",
        "is_verified": false,
        "line_number": 26
      },
      {
        "type": "Secret Keyword",
        "filename": "gemini_playlist_suggester/test-suite/integration/services/test_integration.py",
        "hashed_secret": "b5234250769289dc710687ee6983ff852b55cacd",
        "is_verified": false,
        "line_number": 28
      },
      {
        "type": "Secret Keyword",
        "filename": "gemini_playlist_suggester/test-suite/integration/services/test_integration.py",
        "hashed_secret": "72cb70dbbafe97e5ea13ad88acd65d08389439b0",
        "is_verified": false,
        "line_number": 30
      }
    ],
    "gemini_playlist_suggester/test-suite/unit/backend/test_database_service_old_mocked.py": [
      {
        "type": "Secret Keyword",
        "filename": "gemini_playlist_suggester/test-suite/unit/backend/test_database_service_old_mocked.py",
        "hashed_secret": "c94d65f02a652d11c2e5c2e1ccf38dce5a076e1e",
        "is_verified": false,
        "line_number": 22
      }
    ],
    "gemini_playlist_suggester/test-suite/unit/backend/test_llm_services.py": [
      {
        "type": "Secret Keyword",
        "filename": "gemini_playlist_suggester/test-suite/unit/backend/test_llm_services.py",
        "hashed_secret": "b5234250769289dc710687ee6983ff852b55cacd",
        "is_verified": false,
        "line_number": 29
      },
      {
        "type": "Secret Keyword",
        "filename": "gemini_playlist_suggester/test-suite/unit/backend/test_llm_services.py",
        "hashed_secret": "95cfb33d5e102631e226e7ff9da4b17d6ba5f3e4",
        "is_verified": false,
        "line_number": 30
      },
      {
        "type": "Secret Keyword",
        "filename": "gemini_playlist_suggester/test-suite/unit/backend/test_llm_services.py",
        "hashed_secret": "cd55f76cc19db1f5ade150ee7bae3affabcf0a00",
        "is_verified": false,
        "line_number": 31
      },
      {
        "type": "Secret Keyword",
        "filename": "gemini_playlist_suggester/test-suite/unit/backend/test_llm_services.py",
        "hashed_secret": "26c1c9db2422c55a93755519bbf02f43f4a86710",
        "is_verified": false,
        "line_number": 32
      }
    ],
    "gemini_playlist_suggester/test-suite/unit/backend/test_spotify_service_old_mocked.py": [
      {
        "type": "Secret Keyword",
        "filename": "gemini_playlist_suggester/test-suite/unit/backend/test_spotify_service_old_mocked.py",
        "hashed_secret": "1089adfb1f11b95df31344030507912b5abdf57a",
        "is_verified": false,
        "line_number": 23
      }
    ],
    "gemini_playlist_suggester/test_api_responses.js": [
      {
        "type": "Base64 High Entropy String",
        "filename": "gemini_playlist_suggester/test_api_responses.js",
        "hashed_secret": "d03a66b0a35d75be3cc82758167b255cd645924a",
        "is_verified": false,
        "line_number": 59
      }
    ],
    "gemini_playlist_suggester/test_backend_play_behavior.js": [
      {
        "type": "Base64 High Entropy String",
        "filename": "gemini_playlist_suggester/test_backend_play_behavior.js",
        "hashed_secret": "5896a853ab90320bf152c588a528bdd05ebb7764",
        "is_verified": false,
        "line_number": 60
      },
      {
        "type": "Base64 High Entropy String",
        "filename": "gemini_playlist_suggester/test_backend_play_behavior.js",
        "hashed_secret": "f963466df706b764084337307e123f181ee0c4e0",
        "is_verified": false,
        "line_number": 71
      },
      {
        "type": "Base64 High Entropy String",
        "filename": "gemini_playlist_suggester/test_backend_play_behavior.js",
        "hashed_secret": "f207241a67c323d308da7b6a5e92b1b7e64c6561",
        "is_verified": false,
        "line_number": 79
      }
    ],
    "gemini_playlist_suggester/test_integration.py": [
      {
        "type": "Secret Keyword",
        "filename": "gemini_playlist_suggester/test_integration.py",
        "hashed_secret": "c94d65f02a652d11c2e5c2e1ccf38dce5a076e1e",
        "is_verified": false,
        "line_number": 26
      },
      {
        "type": "Secret Keyword",
        "filename": "gemini_playlist_suggester/test_integration.py",
        "hashed_secret": "b5234250769289dc710687ee6983ff852b55cacd",
        "is_verified": false,
        "line_number": 28
      },
      {
        "type": "Secret Keyword",
        "filename": "gemini_playlist_suggester/test_integration.py",
        "hashed_secret": "72cb70dbbafe97e5ea13ad88acd65d08389439b0",
        "is_verified": false,
        "line_number": 30
      }
    ],
    "gemini_playlist_suggester/test_navigation_timing.js": [
      {
        "type": "Base64 High Entropy String",
        "filename": "gemini_playlist_suggester/test_navigation_timing.js",
        "hashed_secret": "5896a853ab90320bf152c588a528bdd05ebb7764",
        "is_verified": false,
        "line_number": 138
      }
    ],
    "gemini_playlist_suggester/test_react_api_calls.js": [
      {
        "type": "Base64 High Entropy String",
        "filename": "gemini_playlist_suggester/test_react_api_calls.js",
        "hashed_secret": "f963466df706b764084337307e123f181ee0c4e0",
        "is_verified": false,
        "line_number": 148
      }
    ],
    "gemini_playlist_suggester/test_repeat_cycling.js": [
      {
        "type": "Base64 High Entropy String",
        "filename": "gemini_playlist_suggester/test_repeat_cycling.js",
        "hashed_secret": "5896a853ab90320bf152c588a528bdd05ebb7764",
        "is_verified": false,
        "line_number": 92
      }
    ],
    "gemini_playlist_suggester/tests/test_database_service.py": [
      {
        "type": "Secret Keyword",
        "filename": "gemini_playlist_suggester/tests/test_database_service.py",
        "hashed_secret": "c94d65f02a652d11c2e5c2e1ccf38dce5a076e1e",
        "is_verified": false,
        "line_number": 22
      }
    ],
    "gemini_playlist_suggester/tests/test_llm_services.py": [
      {
        "type": "Secret Keyword",
        "filename": "gemini_playlist_suggester/tests/test_llm_services.py",
        "hashed_secret": "b5234250769289dc710687ee6983ff852b55cacd",
        "is_verified": false,
        "line_number": 29
      },
      {
        "type": "Secret Keyword",
        "filename": "gemini_playlist_suggester/tests/test_llm_services.py",
        "hashed_secret": "95cfb33d5e102631e226e7ff9da4b17d6ba5f3e4",
        "is_verified": false,
        "line_number": 30
      },
      {
        "type": "Secret Keyword",
        "filename": "gemini_playlist_suggester/tests/test_llm_services.py",
        "hashed_secret": "cd55f76cc19db1f5ade150ee7bae3affabcf0a00",
        "is_verified": false,
        "line_number": 31
      },
      {
        "type": "Secret Keyword",
        "filename": "gemini_playlist_suggester/tests/test_llm_services.py",
        "hashed_secret": "26c1c9db2422c55a93755519bbf02f43f4a86710",
        "is_verified": false,
        "line_number": 32
      }
    ],
    "gemini_playlist_suggester/tests/test_spotify_service.py": [
      {
        "type": "Secret Keyword",
        "filename": "gemini_playlist_suggester/tests/test_spotify_service.py",
        "hashed_secret": "1089adfb1f11b95df31344030507912b5abdf57a",
        "is_verified": false,
        "line_number": 23
      }
    ],
    "monitoring/mysql-exporter.cnf": [
      {
        "type": "Secret Keyword",
        "filename": "monitoring/mysql-exporter.cnf",
        "hashed_secret": "c3499c2729730a7f807efb8676a92dcb6f8a3f8f",
        "is_verified": false,
        "line_number": 5
      }
    ],
    "monitoring/sql-exporter/.env.test": [
      {
        "type": "Secret Keyword",
        "filename": "monitoring/sql-exporter/.env.test",
        "hashed_secret": "a94a8fe5ccb19ba61c4c0873d391e987982fbbd3",
        "is_verified": false,
        "line_number": 4
      }
    ],
    "monitoring/sql-exporter/tests/conftest.py": [
      {
        "type": "Secret Keyword",
        "filename": "monitoring/sql-exporter/tests/conftest.py",
        "hashed_secret": "c3499c2729730a7f807efb8676a92dcb6f8a3f8f",
        "is_verified": false,
        "line_number": 240
      }
    ],
    "monitoring/sql-exporter/tests/test_end_to_end_integration.py": [
      {
        "type": "Secret Keyword",
        "filename": "monitoring/sql-exporter/tests/test_end_to_end_integration.py",
        "hashed_secret": "789cbe0407840b1c2041cb33452ff60f19bf58cc",
        "is_verified": false,
        "line_number": 43
      }
    ],
    "monitoring/sql-exporter/tests/test_exporter_isolated.py": [
      {
        "type": "Secret Keyword",
        "filename": "monitoring/sql-exporter/tests/test_exporter_isolated.py",
        "hashed_secret": "a94a8fe5ccb19ba61c4c0873d391e987982fbbd3",
        "is_verified": false,
        "line_number": 85
      }
    ],
    "mysql.cnf": [
      {
        "type": "Secret Keyword",
        "filename": "mysql.cnf",
        "hashed_secret": "c3499c2729730a7f807efb8676a92dcb6f8a3f8f",
        "is_verified": false,
        "line_number": 5
      }
    ],
    "refresh_tidal_token.py": [
      {
        "type": "Secret Keyword",
        "filename": "refresh_tidal_token.py",
        "hashed_secret": "c3499c2729730a7f807efb8676a92dcb6f8a3f8f",
        "is_verified": false,
        "line_number": 22
      }
    ],
    "sample.env": [
      {
        "type": "Secret Keyword",
        "filename": "sample.env",
        "hashed_secret": "2d95f6bdf7e3aaa1f6aa88697d8642dcf56ef2d1",
        "is_verified": false,
        "line_number": 12
      },
      {
        "type": "Secret Keyword",
        "filename": "sample.env",
        "hashed_secret": "0289d8b6ced26ef57c45e4dcd26050146521e145",
        "is_verified": false,
        "line_number": 69
      }
    ],
    "sonos_server/check_db_blocks.sh": [
      {
        "type": "Secret Keyword",
        "filename": "sonos_server/check_db_blocks.sh",
        "hashed_secret": "5edec6a5b0c59888d6320bc00c7b274ab72f290d",
        "is_verified": false,
        "line_number": 6
      }
    ],
    "sonos_server/check_tidal_mode_compliance.py": [
      {
        "type": "Secret Keyword",
        "filename": "sonos_server/check_tidal_mode_compliance.py",
        "hashed_secret": "c3499c2729730a7f807efb8676a92dcb6f8a3f8f",
        "is_verified": false,
        "line_number": 29
      }
    ],
    "sonos_server/fix_download_flags.py": [
      {
        "type": "Secret Keyword",
        "filename": "sonos_server/fix_download_flags.py",
        "hashed_secret": "c3499c2729730a7f807efb8676a92dcb6f8a3f8f",
        "is_verified": false,
        "line_number": 18
      }
    ],
    "sonos_server/fix_metallica_tracks_import.py": [
      {
        "type": "Secret Keyword",
        "filename": "sonos_server/fix_metallica_tracks_import.py",
        "hashed_secret": "c3499c2729730a7f807efb8676a92dcb6f8a3f8f",
        "is_verified": false,
        "line_number": 14
      },
      {
        "type": "Hex High Entropy String",
        "filename": "sonos_server/fix_metallica_tracks_import.py",
        "hashed_secret": "c1081619773f73b75ff8537930a8ac1ef0bbc272",
        "is_verified": false,
        "line_number": 18
      },
      {
        "type": "Secret Keyword",
        "filename": "sonos_server/fix_metallica_tracks_import.py",
        "hashed_secret": "c1081619773f73b75ff8537930a8ac1ef0bbc272",
        "is_verified": false,
        "line_number": 18
      }
    ],
    "sonos_server/fix_system_wide_integrity.py": [
      {
        "type": "Secret Keyword",
        "filename": "sonos_server/fix_system_wide_integrity.py",
        "hashed_secret": "c3499c2729730a7f807efb8676a92dcb6f8a3f8f",
        "is_verified": false,
        "line_number": 20
      }
    ],
    "sonos_server/optimize_database_for_queue.py": [
      {
        "type": "Secret Keyword",
        "filename": "sonos_server/optimize_database_for_queue.py",
        "hashed_secret": "c3499c2729730a7f807efb8676a92dcb6f8a3f8f",
        "is_verified": false,
        "line_number": 37
      }
    ],
    "sonos_server/tests/test_database_service.py": [
      {
        "type": "Secret Keyword",
        "filename": "sonos_server/tests/test_database_service.py",
        "hashed_secret": "c94d65f02a652d11c2e5c2e1ccf38dce5a076e1e",
        "is_verified": false,
        "line_number": 28
      }
    ],
    "sonos_server/tests/test_integration_real_services.py": [
      {
        "type": "Secret Keyword",
        "filename": "sonos_server/tests/test_integration_real_services.py",
        "hashed_secret": "c94d65f02a652d11c2e5c2e1ccf38dce5a076e1e",
        "is_verified": false,
        "line_number": 256
      },
      {
        "type": "Secret Keyword",
        "filename": "sonos_server/tests/test_integration_real_services.py",
        "hashed_secret": "e8662cfb96bd9c7fe84c31d76819ec3a92c80e63",
        "is_verified": false,
        "line_number": 419
      }
    ],
    "sonos_server/tests/test_soap_service.py": [
      {
        "type": "Base64 High Entropy String",
        "filename": "sonos_server/tests/test_soap_service.py",
        "hashed_secret": "3c6a9f5386d57ad67e403f2c4ad1a5b7b2bdeaef",
        "is_verified": false,
        "line_number": 87
      }
    ],
    "sonos_server/tests/test_tidal_database_service.py": [
      {
        "type": "Secret Keyword",
        "filename": "sonos_server/tests/test_tidal_database_service.py",
        "hashed_secret": "206c80413b9a96c1312cc346b7d2517b84463edd",
        "is_verified": false,
        "line_number": 19
      }
    ],
    "sonos_server/tests/test_utils.py": [
      {
        "type": "Secret Keyword",
        "filename": "sonos_server/tests/test_utils.py",
        "hashed_secret": "9fb7fe1217aed442b04c0f5e43b5d5a7d3287097",
        "is_verified": false,
        "line_number": 38
      },
      {
        "type": "Secret Keyword",
        "filename": "sonos_server/tests/test_utils.py",
        "hashed_secret": "e5e9fa1ba31ecd1ae84f75caaa474f3a663f05f4",
        "is_verified": false,
        "line_number": 103
      },
      {
        "type": "Secret Keyword",
        "filename": "sonos_server/tests/test_utils.py",
        "hashed_secret": "a0c73592321c87476478801666f59b8cd4bc4637",
        "is_verified": false,
        "line_number": 316
      }
    ],
    "spotidal-api/docker-compose.test.yml": [
      {
        "type": "Secret Keyword",
        "filename": "spotidal-api/docker-compose.test.yml",
        "hashed_secret": "420aad79e7f9d4b360b9f7701c63abccd9bf40ae",
        "is_verified": false,
        "line_number": 8
      },
      {
        "type": "Secret Keyword",
        "filename": "spotidal-api/docker-compose.test.yml",
        "hashed_secret": "9fb7fe1217aed442b04c0f5e43b5d5a7d3287097",
        "is_verified": false,
        "line_number": 11
      }
    ],
    "spotidal-api/tests/conftest.py": [
      {
        "type": "Secret Keyword",
        "filename": "spotidal-api/tests/conftest.py",
        "hashed_secret": "9fb7fe1217aed442b04c0f5e43b5d5a7d3287097",
        "is_verified": false,
        "line_number": 11
      }
    ],
    "staging_comparison_runner.py": [
      {
        "type": "Secret Keyword",
        "filename": "staging_comparison_runner.py",
        "hashed_secret": "c3499c2729730a7f807efb8676a92dcb6f8a3f8f",
        "is_verified": false,
        "line_number": 55
      }
    ],
    "staging_data_extractor.py": [
      {
        "type": "Secret Keyword",
        "filename": "staging_data_extractor.py",
        "hashed_secret": "c3499c2729730a7f807efb8676a92dcb6f8a3f8f",
        "is_verified": false,
        "line_number": 35
      }
    ],
    "syncer/.env~": [
      {
        "type": "Hex High Entropy String",
        "filename": "syncer/.env~",
        "hashed_secret": "303b5d543c2a84a2052c40bb528f4c52d198d391",
        "is_verified": false,
        "line_number": 28
      },
      {
        "type": "Hex High Entropy String",
        "filename": "syncer/.env~",
        "hashed_secret": "85ab9d25f22856e3f070d0b1d2e9b732a31c9039",
        "is_verified": false,
        "line_number": 28
      },
      {
        "type": "Hex High Entropy String",
        "filename": "syncer/.env~",
        "hashed_secret": "9b29fb90fd5550ecd8626ab85ea6409a6d388519",
        "is_verified": false,
        "line_number": 28
      },
      {
        "type": "Hex High Entropy String",
        "filename": "syncer/.env~",
        "hashed_secret": "aeeb371e7161dc9e80fee622e5fb459ae8111547",
        "is_verified": false,
        "line_number": 28
      },
      {
        "type": "Hex High Entropy String",
        "filename": "syncer/.env~",
        "hashed_secret": "be502d665f99773498154117e258442928c5dcc6",
        "is_verified": false,
        "line_number": 28
      },
      {
        "type": "Hex High Entropy String",
        "filename": "syncer/.env~",
        "hashed_secret": "c1081619773f73b75ff8537930a8ac1ef0bbc272",
        "is_verified": false,
        "line_number": 28
      },
      {
        "type": "Hex High Entropy String",
        "filename": "syncer/.env~",
        "hashed_secret": "06b590b382bf85b8e7cf27b800781ce35e421f36",
        "is_verified": false,
        "line_number": 30
      },
      {
        "type": "Hex High Entropy String",
        "filename": "syncer/.env~",
        "hashed_secret": "1acdec1556df3c0c98c8bcb470700e2d9eafc1d6",
        "is_verified": false,
        "line_number": 30
      },
      {
        "type": "Hex High Entropy String",
        "filename": "syncer/.env~",
        "hashed_secret": "2039a61ea0559c4b03331e5bc94b80a41bde6da3",
        "is_verified": false,
        "line_number": 30
      },
      {
        "type": "Hex High Entropy String",
        "filename": "syncer/.env~",
        "hashed_secret": "516a6957198d0b2ae5ae18afd63d20b8a8ba88fb",
        "is_verified": false,
        "line_number": 30
      },
      {
        "type": "Hex High Entropy String",
        "filename": "syncer/.env~",
        "hashed_secret": "8ff91ebe533e6043fc9c293ebe083bc7616c6af3",
        "is_verified": false,
        "line_number": 30
      },
      {
        "type": "Hex High Entropy String",
        "filename": "syncer/.env~",
        "hashed_secret": "e0d1c821bb290982c093f52f2ca7725138eaccf2",
        "is_verified": false,
        "line_number": 30
      }
    ],
    "syncer/check_db_status.py": [
      {
        "type": "Secret Keyword",
        "filename": "syncer/check_db_status.py",
        "hashed_secret": "c3499c2729730a7f807efb8676a92dcb6f8a3f8f",
        "is_verified": false,
        "line_number": 16
      }
    ],
    "syncer/migrations/migrate_album_completion.py": [
      {
        "type": "Secret Keyword",
        "filename": "syncer/migrations/migrate_album_completion.py",
        "hashed_secret": "c3499c2729730a7f807efb8676a92dcb6f8a3f8f",
        "is_verified": false,
        "line_number": 22
      }
    ],
    "syncer/migrations/test_migration_dry_run.py": [
      {
        "type": "Secret Keyword",
        "filename": "syncer/migrations/test_migration_dry_run.py",
        "hashed_secret": "c3499c2729730a7f807efb8676a92dcb6f8a3f8f",
        "is_verified": false,
        "line_number": 14
      }
    ],
    "syncer/musicbrainz.py": [
      {
        "type": "Secret Keyword",
        "filename": "syncer/musicbrainz.py",
        "hashed_secret": "8962c794c6557b091455fdd5ad0d1fc7a266cfe7",
        "is_verified": false,
        "line_number": 54
      }
    ],
    "syncer/musicbrainz_track_positions.py": [
      {
        "type": "Secret Keyword",
        "filename": "syncer/musicbrainz_track_positions.py",
        "hashed_secret": "c3499c2729730a7f807efb8676a92dcb6f8a3f8f",
        "is_verified": false,
        "line_number": 32
      }
    ],
    "syncer/run_backfill_local.py": [
      {
        "type": "Secret Keyword",
        "filename": "syncer/run_backfill_local.py",
        "hashed_secret": "c3499c2729730a7f807efb8676a92dcb6f8a3f8f",
        "is_verified": false,
        "line_number": 9
      }
    ],
    "syncer/spotify.py": [
      {
        "type": "Secret Keyword",
        "filename": "syncer/spotify.py",
        "hashed_secret": "8318df9ecda039deac9868adf1944a29a95c7114",
        "is_verified": false,
        "line_number": 27
      }
    ],
    "syncer/tests/unit/test_spodl_worker.py": [
      {
        "type": "Secret Keyword",
        "filename": "syncer/tests/unit/test_spodl_worker.py",
        "hashed_secret": "767ef7376d44bb6e52b390ddcd12c1cb1b3902a4",
        "is_verified": false,
        "line_number": 32
      }
    ],
    "syncer/tests/unit/test_unit_comprehensive.py": [
      {
        "type": "Secret Keyword",
        "filename": "syncer/tests/unit/test_unit_comprehensive.py",
        "hashed_secret": "72cb70dbbafe97e5ea13ad88acd65d08389439b0",
        "is_verified": false,
        "line_number": 254
      }
    ],
    "syncer/verify_system.py": [
      {
        "type": "Secret Keyword",
        "filename": "syncer/verify_system.py",
        "hashed_secret": "c3499c2729730a7f807efb8676a92dcb6f8a3f8f",
        "is_verified": false,
        "line_number": 24
      }
    ],
    "syncer/workers/track_position_backfill/test_backfill.py": [
      {
        "type": "Secret Keyword",
        "filename": "syncer/workers/track_position_backfill/test_backfill.py",
        "hashed_secret": "c3499c2729730a7f807efb8676a92dcb6f8a3f8f",
        "is_verified": false,
        "line_number": 32
      }
    ],
    "syncer_v2/.env.test": [
      {
        "type": "JSON Web Token",
        "filename": "syncer_v2/.env.test",
        "hashed_secret": "c81134d3366404b7f46781cf419eb6f9255be647",
        "is_verified": false,
        "line_number": 16
      }
    ],
    "syncer_v2/REAL_INTEGRATION_TEST_REQUIREMENTS.md": [
      {
        "type": "Secret Keyword",
        "filename": "syncer_v2/REAL_INTEGRATION_TEST_REQUIREMENTS.md",
        "hashed_secret": "390dec7810150cad497d2cc830ccd2160489d70c",
        "is_verified": false,
        "line_number": 183
      },
      {
        "type": "Secret Keyword",
        "filename": "syncer_v2/REAL_INTEGRATION_TEST_REQUIREMENTS.md",
        "hashed_secret": "3dd58bab3fa75c42641464e35e1db18fcb333e34",
        "is_verified": false,
        "line_number": 185
      }
    ],
    "syncer_v2/integration_tests/component_tests/download_pipeline_test.py": [
      {
        "type": "Secret Keyword",
        "filename": "syncer_v2/integration_tests/component_tests/download_pipeline_test.py",
        "hashed_secret": "206c80413b9a96c1312cc346b7d2517b84463edd",
        "is_verified": false,
        "line_number": 212
      }
    ],
    "syncer_v2/integration_tests/component_tests/spotify_sync_test.py.backup": [
      {
        "type": "Secret Keyword",
        "filename": "syncer_v2/integration_tests/component_tests/spotify_sync_test.py.backup",
        "hashed_secret": "206c80413b9a96c1312cc346b7d2517b84463edd",
        "is_verified": false,
        "line_number": 114
      },
      {
        "type": "Base64 High Entropy String",
        "filename": "syncer_v2/integration_tests/component_tests/spotify_sync_test.py.backup",
        "hashed_secret": "29fa27eb17e6652ca9351afa5732abbec459ef18",
        "is_verified": false,
        "line_number": 386
      }
    ],
    "syncer_v2/integration_tests/component_tests/tidal_matching_test.py": [
      {
        "type": "Secret Keyword",
        "filename": "syncer_v2/integration_tests/component_tests/tidal_matching_test.py",
        "hashed_secret": "206c80413b9a96c1312cc346b7d2517b84463edd",
        "is_verified": false,
        "line_number": 122
      },
      {
        "type": "Base64 High Entropy String",
        "filename": "syncer_v2/integration_tests/component_tests/tidal_matching_test.py",
        "hashed_secret": "29fa27eb17e6652ca9351afa5732abbec459ef18",
        "is_verified": false,
        "line_number": 255
      }
    ],
    "syncer_v2/integration_tests/debug_spotify_simple.py": [
      {
        "type": "Secret Keyword",
        "filename": "syncer_v2/integration_tests/debug_spotify_simple.py",
        "hashed_secret": "206c80413b9a96c1312cc346b7d2517b84463edd",
        "is_verified": false,
        "line_number": 16
      }
    ],
    "syncer_v2/integration_tests/debug_tidal_auth.py": [
      {
        "type": "Base64 High Entropy String",
        "filename": "syncer_v2/integration_tests/debug_tidal_auth.py",
        "hashed_secret": "ed4f6eb38f3a45aa268c6b15098a78c9bda4b6b8",
        "is_verified": false,
        "line_number": 113
      },
      {
        "type": "Secret Keyword",
        "filename": "syncer_v2/integration_tests/debug_tidal_auth.py",
        "hashed_secret": "ed4f6eb38f3a45aa268c6b15098a78c9bda4b6b8",
        "is_verified": false,
        "line_number": 113
      }
    ],
    "syncer_v2/integration_tests/docker-compose.test.yml": [
      {
        "type": "Secret Keyword",
        "filename": "syncer_v2/integration_tests/docker-compose.test.yml",
        "hashed_secret": "8bb6118f8fd6935ad0876a3be34a717d32708ffd",
        "is_verified": false,
        "line_number": 30
      },
      {
        "type": "Secret Keyword",
        "filename": "syncer_v2/integration_tests/docker-compose.test.yml",
        "hashed_secret": "206c80413b9a96c1312cc346b7d2517b84463edd",
        "is_verified": false,
        "line_number": 33
      }
    ],
    "syncer_v2/integration_tests/generate_validation_evidence.py": [
      {
        "type": "Secret Keyword",
        "filename": "syncer_v2/integration_tests/generate_validation_evidence.py",
        "hashed_secret": "206c80413b9a96c1312cc346b7d2517b84463edd",
        "is_verified": false,
        "line_number": 14
      }
    ],
    "syncer_v2/integration_tests/manual_tidal_test.py": [
      {
        "type": "Secret Keyword",
        "filename": "syncer_v2/integration_tests/manual_tidal_test.py",
        "hashed_secret": "206c80413b9a96c1312cc346b7d2517b84463edd",
        "is_verified": false,
        "line_number": 18
      }
    ],
    "syncer_v2/integration_tests/test_dagster_exec.py": [
      {
        "type": "Hex High Entropy String",
        "filename": "syncer_v2/integration_tests/test_dagster_exec.py",
        "hashed_secret": "c36814d3f0fef102600e4d60d52732e799c36a16",
        "is_verified": false,
        "line_number": 11
      },
      {
        "type": "Secret Keyword",
        "filename": "syncer_v2/integration_tests/test_dagster_exec.py",
        "hashed_secret": "c36814d3f0fef102600e4d60d52732e799c36a16",
        "is_verified": false,
        "line_number": 11
      },
      {
        "type": "Secret Keyword",
        "filename": "syncer_v2/integration_tests/test_dagster_exec.py",
        "hashed_secret": "206c80413b9a96c1312cc346b7d2517b84463edd",
        "is_verified": false,
        "line_number": 16
      }
    ],
    "syncer_v2/integration_tests/test_dagster_execution.py": [
      {
        "type": "Secret Keyword",
        "filename": "syncer_v2/integration_tests/test_dagster_execution.py",
        "hashed_secret": "206c80413b9a96c1312cc346b7d2517b84463edd",
        "is_verified": false,
        "line_number": 24
      }
    ],
    "syncer_v2/integration_tests/test_full_spotify_sync.py": [
      {
        "type": "Secret Keyword",
        "filename": "syncer_v2/integration_tests/test_full_spotify_sync.py",
        "hashed_secret": "206c80413b9a96c1312cc346b7d2517b84463edd",
        "is_verified": false,
        "line_number": 16
      }
    ],
    "syncer_v2/integration_tests/test_oauth_sync.py": [
      {
        "type": "Secret Keyword",
        "filename": "syncer_v2/integration_tests/test_oauth_sync.py",
        "hashed_secret": "206c80413b9a96c1312cc346b7d2517b84463edd",
        "is_verified": false,
        "line_number": 16
      }
    ],
    "syncer_v2/integration_tests/test_spotify_api.py": [
      {
        "type": "Secret Keyword",
        "filename": "syncer_v2/integration_tests/test_spotify_api.py",
        "hashed_secret": "c1ab7f8daba6e6ae321ab4577533ff9eeb63f0dc",
        "is_verified": false,
        "line_number": 12
      }
    ],
    "syncer_v2/integration_tests/test_tidal_matching.py": [
      {
        "type": "Secret Keyword",
        "filename": "syncer_v2/integration_tests/test_tidal_matching.py",
        "hashed_secret": "206c80413b9a96c1312cc346b7d2517b84463edd",
        "is_verified": false,
        "line_number": 16
      }
    ],
    "syncer_v2/resources/database.py": [
      {
        "type": "Basic Auth Credentials",
        "filename": "syncer_v2/resources/database.py",
        "hashed_secret": "c3499c2729730a7f807efb8676a92dcb6f8a3f8f",
        "is_verified": false,
        "line_number": 103
      }
    ],
    "syncer_v2/run_integration_tests.py": [
      {
        "type": "Secret Keyword",
        "filename": "syncer_v2/run_integration_tests.py",
        "hashed_secret": "4bf6bf150d7a4f02f03c99a86de3a405c0c37abf",
        "is_verified": false,
        "line_number": 55
      },
      {
        "type": "Secret Keyword",
        "filename": "syncer_v2/run_integration_tests.py",
        "hashed_secret": "be5c2aca8d05cc83846f3e49fd5b5841e31bcecb",
        "is_verified": false,
        "line_number": 58
      }
    ],
    "syncer_v2/tests/deployment/test_production_migration.py": [
      {
        "type": "Secret Keyword",
        "filename": "syncer_v2/tests/deployment/test_production_migration.py",
        "hashed_secret": "c3499c2729730a7f807efb8676a92dcb6f8a3f8f",
        "is_verified": false,
        "line_number": 40
      },
      {
        "type": "Secret Keyword",
        "filename": "syncer_v2/tests/deployment/test_production_migration.py",
        "hashed_secret": "1089adfb1f11b95df31344030507912b5abdf57a",
        "is_verified": false,
        "line_number": 42
      }
    ],
    "syncer_v2/tests/infrastructure/test_dagster_setup.py": [
      {
        "type": "Secret Keyword",
        "filename": "syncer_v2/tests/infrastructure/test_dagster_setup.py",
        "hashed_secret": "145bb7701ac91a818f4c1ae2b37881086d442087",
        "is_verified": false,
        "line_number": 78
      },
      {
        "type": "Secret Keyword",
        "filename": "syncer_v2/tests/infrastructure/test_dagster_setup.py",
        "hashed_secret": "c3499c2729730a7f807efb8676a92dcb6f8a3f8f",
        "is_verified": false,
        "line_number": 202
      }
    ],
    "syncer_v2/tests/infrastructure/test_database_schema.py": [
      {
        "type": "Secret Keyword",
        "filename": "syncer_v2/tests/infrastructure/test_database_schema.py",
        "hashed_secret": "145bb7701ac91a818f4c1ae2b37881086d442087",
        "is_verified": false,
        "line_number": 50
      },
      {
        "type": "Secret Keyword",
        "filename": "syncer_v2/tests/infrastructure/test_database_schema.py",
        "hashed_secret": "c3499c2729730a7f807efb8676a92dcb6f8a3f8f",
        "is_verified": false,
        "line_number": 164
      }
    ],
    "syncer_v2/tests/infrastructure/test_resources.py": [
      {
        "type": "Secret Keyword",
        "filename": "syncer_v2/tests/infrastructure/test_resources.py",
        "hashed_secret": "c3499c2729730a7f807efb8676a92dcb6f8a3f8f",
        "is_verified": false,
        "line_number": 51
      },
      {
        "type": "Secret Keyword",
        "filename": "syncer_v2/tests/infrastructure/test_resources.py",
        "hashed_secret": "1089adfb1f11b95df31344030507912b5abdf57a",
        "is_verified": false,
        "line_number": 123
      },
      {
        "type": "Secret Keyword",
        "filename": "syncer_v2/tests/infrastructure/test_resources.py",
        "hashed_secret": "c94d65f02a652d11c2e5c2e1ccf38dce5a076e1e",
        "is_verified": false,
        "line_number": 261
      }
    ],
    "syncer_v2/tests/integration/test_integration_assets_real.py": [
      {
        "type": "Secret Keyword",
        "filename": "syncer_v2/tests/integration/test_integration_assets_real.py",
        "hashed_secret": "81f344a7686a80b4c5293e8fdc0b0160c82c06a8",
        "is_verified": false,
        "line_number": 398
      }
    ],
    "syncer_v2/tests/phased/phase-2-database-connectivity.py": [
      {
        "type": "Secret Keyword",
        "filename": "syncer_v2/tests/phased/phase-2-database-connectivity.py",
        "hashed_secret": "c2f93929a1dfa6d506c11f51ce91881f84e3858c",
        "is_verified": false,
        "line_number": 414
      },
      {
        "type": "Secret Keyword",
        "filename": "syncer_v2/tests/phased/phase-2-database-connectivity.py",
        "hashed_secret": "a94a8fe5ccb19ba61c4c0873d391e987982fbbd3",
        "is_verified": false,
        "line_number": 480
      }
    ],
    "syncer_v2/tests/phased/phase-5-comprehensive-test-dataset.py": [
      {
        "type": "Secret Keyword",
        "filename": "syncer_v2/tests/phased/phase-5-comprehensive-test-dataset.py",
        "hashed_secret": "c3499c2729730a7f807efb8676a92dcb6f8a3f8f",
        "is_verified": false,
        "line_number": 41
      }
    ],
    "syncer_v2/tests/phased/phase-5-database-evidence-test.py": [
      {
        "type": "Secret Keyword",
        "filename": "syncer_v2/tests/phased/phase-5-database-evidence-test.py",
        "hashed_secret": "c3499c2729730a7f807efb8676a92dcb6f8a3f8f",
        "is_verified": false,
        "line_number": 57
      }
    ],
    "syncer_v2/tests/phased/phase-5-deterministic-validation.py": [
      {
        "type": "Secret Keyword",
        "filename": "syncer_v2/tests/phased/phase-5-deterministic-validation.py",
        "hashed_secret": "c3499c2729730a7f807efb8676a92dcb6f8a3f8f",
        "is_verified": false,
        "line_number": 69
      }
    ],
    "syncer_v2/tests/phased/phase-5-production-validation.py": [
      {
        "type": "Secret Keyword",
        "filename": "syncer_v2/tests/phased/phase-5-production-validation.py",
        "hashed_secret": "c3499c2729730a7f807efb8676a92dcb6f8a3f8f",
        "is_verified": false,
        "line_number": 66
      }
    ],
    "syncer_v2/tests/phased/phase-6-actual-downloads.py": [
      {
        "type": "Secret Keyword",
        "filename": "syncer_v2/tests/phased/phase-6-actual-downloads.py",
        "hashed_secret": "c3499c2729730a7f807efb8676a92dcb6f8a3f8f",
        "is_verified": false,
        "line_number": 56
      }
    ],
    "syncer_v2/tests/phased/phase-6-real-download-complete.py": [
      {
        "type": "Secret Keyword",
        "filename": "syncer_v2/tests/phased/phase-6-real-download-complete.py",
        "hashed_secret": "c3499c2729730a7f807efb8676a92dcb6f8a3f8f",
        "is_verified": false,
        "line_number": 41
      }
    ],
    "syncer_v2/tests/phased/phase-6-real-download-integration.py": [
      {
        "type": "Secret Keyword",
        "filename": "syncer_v2/tests/phased/phase-6-real-download-integration.py",
        "hashed_secret": "c3499c2729730a7f807efb8676a92dcb6f8a3f8f",
        "is_verified": false,
        "line_number": 43
      }
    ],
    "syncer_v2/update_tidal_auth.py": [
      {
        "type": "Secret Keyword",
        "filename": "syncer_v2/update_tidal_auth.py",
        "hashed_secret": "206c80413b9a96c1312cc346b7d2517b84463edd",
        "is_verified": false,
        "line_number": 21
      }
    ],
    "test_progress_bar_specific.js": [
      {
        "type": "Base64 High Entropy String",
        "filename": "test_progress_bar_specific.js",
        "hashed_secret": "5896a853ab90320bf152c588a528bdd05ebb7764",
        "is_verified": false,
        "line_number": 70
      }
    ],
    "test_shuffle_repeat_focus.js": [
      {
        "type": "Base64 High Entropy String",
        "filename": "test_shuffle_repeat_focus.js",
        "hashed_secret": "5896a853ab90320bf152c588a528bdd05ebb7764",
        "is_verified": false,
        "line_number": 199
      }
    ],
    "test_with_music_playing.js": [
      {
        "type": "Base64 High Entropy String",
        "filename": "test_with_music_playing.js",
        "hashed_secret": "e984713874bc0db358af374ef9de4683f7f8b76d",
        "is_verified": false,
        "line_number": 195
      }
    ],
    "tests/test_configuration_migration.py": [
      {
        "type": "Secret Keyword",
        "filename": "tests/test_configuration_migration.py",
        "hashed_secret": "9fb7fe1217aed442b04c0f5e43b5d5a7d3287097",
        "is_verified": false,
        "line_number": 103
      },
      {
        "type": "Secret Keyword",
        "filename": "tests/test_configuration_migration.py",
        "hashed_secret": "46524160f41c0ca145a4e7e8c071228b3a0df4fc",
        "is_verified": false,
        "line_number": 145
      },
      {
        "type": "Secret Keyword",
        "filename": "tests/test_configuration_migration.py",
        "hashed_secret": "bac94e325e887421821aceb8ef011d008aee6912",
        "is_verified": false,
        "line_number": 180
      }
    ],
    "tests/test_security_configuration.py": [
      {
        "type": "Base64 High Entropy String",
        "filename": "tests/test_security_configuration.py",
        "hashed_secret": "ca9340ea19dcc201f39519e51d7387d062a6dd4d",
        "is_verified": false,
        "line_number": 28
      }
    ],
    "tests/utils.py": [
      {
        "type": "Secret Keyword",
        "filename": "tests/utils.py",
        "hashed_secret": "9fb7fe1217aed442b04c0f5e43b5d5a7d3287097",
        "is_verified": false,
        "line_number": 383
      }
    ],
    "tidal_dl/apiKey.py": [
      {
        "type": "Base64 High Entropy String",
        "filename": "tidal_dl/apiKey.py",
        "hashed_secret": "5a13ba74413ffe525c16c0ada31894bcbd1eca40",
        "is_verified": false,
        "line_number": 22
      },
      {
        "type": "Secret Keyword",
        "filename": "tidal_dl/apiKey.py",
        "hashed_secret": "5a13ba74413ffe525c16c0ada31894bcbd1eca40",
        "is_verified": false,
        "line_number": 22
      },
      {
        "type": "Base64 High Entropy String",
        "filename": "tidal_dl/apiKey.py",
        "hashed_secret": "0275f3e92d700f6eeab1f06a3d7a04e78b12a973",
        "is_verified": false,
        "line_number": 30
      },
      {
        "type": "Secret Keyword",
        "filename": "tidal_dl/apiKey.py",
        "hashed_secret": "0275f3e92d700f6eeab1f06a3d7a04e78b12a973",
        "is_verified": false,
        "line_number": 30
      },
      {
        "type": "Base64 High Entropy String",
        "filename": "tidal_dl/apiKey.py",
        "hashed_secret": "c7c686ae3a544f26b4a09269f34941aadaec25dc",
        "is_verified": false,
        "line_number": 38
      },
      {
        "type": "Secret Keyword",
        "filename": "tidal_dl/apiKey.py",
        "hashed_secret": "c7c686ae3a544f26b4a09269f34941aadaec25dc",
        "is_verified": false,
        "line_number": 38
      },
      {
        "type": "Base64 High Entropy String",
        "filename": "tidal_dl/apiKey.py",
        "hashed_secret": "4bba2dd204829596eb21fbebc7bd1d61d20a55a2",
        "is_verified": false,
        "line_number": 46
      },
      {
        "type": "Secret Keyword",
        "filename": "tidal_dl/apiKey.py",
        "hashed_secret": "4bba2dd204829596eb21fbebc7bd1d61d20a55a2",
        "is_verified": false,
        "line_number": 46
      },
      {
        "type": "Base64 High Entropy String",
        "filename": "tidal_dl/apiKey.py",
        "hashed_secret": "ed4f6eb38f3a45aa268c6b15098a78c9bda4b6b8",
        "is_verified": false,
        "line_number": 54
      },
      {
        "type": "Secret Keyword",
        "filename": "tidal_dl/apiKey.py",
        "hashed_secret": "ed4f6eb38f3a45aa268c6b15098a78c9bda4b6b8",
        "is_verified": false,
        "line_number": 54
      }
    ],
    "tidal_dl/decryption.py": [
      {
        "type": "Base64 High Entropy String",
        "filename": "tidal_dl/decryption.py",
        "hashed_secret": "0c2101ef56cb6dde3d3266675e36255a2cfc765b",
        "is_verified": false,
        "line_number": 24
      }
    ],
    "tidal_dl/lang/arabic.py": [
      {
        "type": "Secret Keyword",
        "filename": "tidal_dl/lang/arabic.py",
        "hashed_secret": "73c0a56f40740c4c85d405409083446c710805d9",
        "is_verified": false,
        "line_number": 41
      },
      {
        "type": "Secret Keyword",
        "filename": "tidal_dl/lang/arabic.py",
        "hashed_secret": "2f30dad66024ffaceac6622598282c3ff9824927",
        "is_verified": false,
        "line_number": 54
      }
    ],
    "tidal_dl/lang/chinese.py": [
      {
        "type": "Secret Keyword",
        "filename": "tidal_dl/lang/chinese.py",
        "hashed_secret": "b98b310d995b8940d06f98756a6312cf76d52807",
        "is_verified": false,
        "line_number": 41
      },
      {
        "type": "Secret Keyword",
        "filename": "tidal_dl/lang/chinese.py",
        "hashed_secret": "363243078e241302c1203705561e45aabd711111",
        "is_verified": false,
        "line_number": 54
      }
    ],
    "tidal_dl/lang/croatian.py": [
      {
        "type": "Secret Keyword",
        "filename": "tidal_dl/lang/croatian.py",
        "hashed_secret": "73c0a56f40740c4c85d405409083446c710805d9",
        "is_verified": false,
        "line_number": 41
      },
      {
        "type": "Secret Keyword",
        "filename": "tidal_dl/lang/croatian.py",
        "hashed_secret": "2f30dad66024ffaceac6622598282c3ff9824927",
        "is_verified": false,
        "line_number": 54
      },
      {
        "type": "Secret Keyword",
        "filename": "tidal_dl/lang/croatian.py",
        "hashed_secret": "ee10680ae7900a6dfeff4e6b47e44048899efea3",
        "is_verified": false,
        "line_number": 63
      }
    ],
    "tidal_dl/lang/czech.py": [
      {
        "type": "Secret Keyword",
        "filename": "tidal_dl/lang/czech.py",
        "hashed_secret": "c247758a3b9e29781949294c87fad30df9d45a49",
        "is_verified": false,
        "line_number": 41
      },
      {
        "type": "Secret Keyword",
        "filename": "tidal_dl/lang/czech.py",
        "hashed_secret": "1bbe615baba36303430498c653f9c4e598e71a01",
        "is_verified": false,
        "line_number": 54
      },
      {
        "type": "Secret Keyword",
        "filename": "tidal_dl/lang/czech.py",
        "hashed_secret": "6e017b5464f820a6c1bb5e9f6d711a667a80d8ea",
        "is_verified": false,
        "line_number": 63
      }
    ],
    "tidal_dl/lang/danish.py": [
      {
        "type": "Secret Keyword",
        "filename": "tidal_dl/lang/danish.py",
        "hashed_secret": "73c0a56f40740c4c85d405409083446c710805d9",
        "is_verified": false,
        "line_number": 41
      },
      {
        "type": "Secret Keyword",
        "filename": "tidal_dl/lang/danish.py",
        "hashed_secret": "2f30dad66024ffaceac6622598282c3ff9824927",
        "is_verified": false,
        "line_number": 54
      },
      {
        "type": "Secret Keyword",
        "filename": "tidal_dl/lang/danish.py",
        "hashed_secret": "01f46589758b4edc43e2543c140f9076abe2caf3",
        "is_verified": false,
        "line_number": 63
      }
    ],
    "tidal_dl/lang/dutch.py": [
      {
        "type": "Secret Keyword",
        "filename": "tidal_dl/lang/dutch.py",
        "hashed_secret": "17b9c077fb22cf127f6a3fabc39bbb371711bcd5",
        "is_verified": false,
        "line_number": 41
      },
      {
        "type": "Secret Keyword",
        "filename": "tidal_dl/lang/dutch.py",
        "hashed_secret": "edae3902953928423d024b814694c7fc4281e6f5",
        "is_verified": false,
        "line_number": 54
      },
      {
        "type": "Secret Keyword",
        "filename": "tidal_dl/lang/dutch.py",
        "hashed_secret": "6eddb3d307808aa8854d220d221658e04718e1d5",
        "is_verified": false,
        "line_number": 63
      }
    ],
    "tidal_dl/lang/english.py": [
      {
        "type": "Secret Keyword",
        "filename": "tidal_dl/lang/english.py",
        "hashed_secret": "73c0a56f40740c4c85d405409083446c710805d9",
        "is_verified": false,
        "line_number": 41
      },
      {
        "type": "Secret Keyword",
        "filename": "tidal_dl/lang/english.py",
        "hashed_secret": "2f30dad66024ffaceac6622598282c3ff9824927",
        "is_verified": false,
        "line_number": 54
      },
      {
        "type": "Secret Keyword",
        "filename": "tidal_dl/lang/english.py",
        "hashed_secret": "01f46589758b4edc43e2543c140f9076abe2caf3",
        "is_verified": false,
        "line_number": 63
      }
    ],
    "tidal_dl/lang/filipino.py": [
      {
        "type": "Secret Keyword",
        "filename": "tidal_dl/lang/filipino.py",
        "hashed_secret": "73c0a56f40740c4c85d405409083446c710805d9",
        "is_verified": false,
        "line_number": 41
      },
      {
        "type": "Secret Keyword",
        "filename": "tidal_dl/lang/filipino.py",
        "hashed_secret": "2f30dad66024ffaceac6622598282c3ff9824927",
        "is_verified": false,
        "line_number": 54
      },
      {
        "type": "Secret Keyword",
        "filename": "tidal_dl/lang/filipino.py",
        "hashed_secret": "01f46589758b4edc43e2543c140f9076abe2caf3",
        "is_verified": false,
        "line_number": 63
      }
    ],
    "tidal_dl/lang/french.py": [
      {
        "type": "Secret Keyword",
        "filename": "tidal_dl/lang/french.py",
        "hashed_secret": "73c0a56f40740c4c85d405409083446c710805d9",
        "is_verified": false,
        "line_number": 41
      },
      {
        "type": "Secret Keyword",
        "filename": "tidal_dl/lang/french.py",
        "hashed_secret": "2f30dad66024ffaceac6622598282c3ff9824927",
        "is_verified": false,
        "line_number": 54
      },
      {
        "type": "Secret Keyword",
        "filename": "tidal_dl/lang/french.py",
        "hashed_secret": "bb70d314bd9ba17b48d15094fdb7c3ec3fb2fef5",
        "is_verified": false,
        "line_number": 63
      }
    ],
    "tidal_dl/lang/german.py": [
      {
        "type": "Secret Keyword",
        "filename": "tidal_dl/lang/german.py",
        "hashed_secret": "73c0a56f40740c4c85d405409083446c710805d9",
        "is_verified": false,
        "line_number": 41
      },
      {
        "type": "Secret Keyword",
        "filename": "tidal_dl/lang/german.py",
        "hashed_secret": "2f30dad66024ffaceac6622598282c3ff9824927",
        "is_verified": false,
        "line_number": 54
      },
      {
        "type": "Secret Keyword",
        "filename": "tidal_dl/lang/german.py",
        "hashed_secret": "b3fbedf6d67371e72ad33b570b4e4c21f12e8da5",
        "is_verified": false,
        "line_number": 63
      }
    ],
    "tidal_dl/lang/hungarian.py": [
      {
        "type": "Secret Keyword",
        "filename": "tidal_dl/lang/hungarian.py",
        "hashed_secret": "1d8910b8924cece3f98db7a4419eab2c445e7eb9",
        "is_verified": false,
        "line_number": 41
      },
      {
        "type": "Secret Keyword",
        "filename": "tidal_dl/lang/hungarian.py",
        "hashed_secret": "20a0340a49b07e7a7533a57fd4da8247f075bbf6",
        "is_verified": false,
        "line_number": 54
      }
    ],
    "tidal_dl/lang/italian.py": [
      {
        "type": "Secret Keyword",
        "filename": "tidal_dl/lang/italian.py",
        "hashed_secret": "73c0a56f40740c4c85d405409083446c710805d9",
        "is_verified": false,
        "line_number": 41
      },
      {
        "type": "Secret Keyword",
        "filename": "tidal_dl/lang/italian.py",
        "hashed_secret": "2f30dad66024ffaceac6622598282c3ff9824927",
        "is_verified": false,
        "line_number": 54
      },
      {
        "type": "Secret Keyword",
        "filename": "tidal_dl/lang/italian.py",
        "hashed_secret": "01f46589758b4edc43e2543c140f9076abe2caf3",
        "is_verified": false,
        "line_number": 63
      }
    ],
    "tidal_dl/lang/japanese.py": [
      {
        "type": "Secret Keyword",
        "filename": "tidal_dl/lang/japanese.py",
        "hashed_secret": "73c0a56f40740c4c85d405409083446c710805d9",
        "is_verified": false,
        "line_number": 41
      },
      {
        "type": "Secret Keyword",
        "filename": "tidal_dl/lang/japanese.py",
        "hashed_secret": "2f30dad66024ffaceac6622598282c3ff9824927",
        "is_verified": false,
        "line_number": 54
      }
    ],
    "tidal_dl/lang/korean.py": [
      {
        "type": "Secret Keyword",
        "filename": "tidal_dl/lang/korean.py",
        "hashed_secret": "73c0a56f40740c4c85d405409083446c710805d9",
        "is_verified": false,
        "line_number": 41
      },
      {
        "type": "Secret Keyword",
        "filename": "tidal_dl/lang/korean.py",
        "hashed_secret": "2f30dad66024ffaceac6622598282c3ff9824927",
        "is_verified": false,
        "line_number": 54
      }
    ],
    "tidal_dl/lang/polish.py": [
      {
        "type": "Secret Keyword",
        "filename": "tidal_dl/lang/polish.py",
        "hashed_secret": "3364885bd7ff46ed811e803367d73876412304d9",
        "is_verified": false,
        "line_number": 41
      },
      {
        "type": "Secret Keyword",
        "filename": "tidal_dl/lang/polish.py",
        "hashed_secret": "bc9f7f454fbd845319bff830fb973bd3ac4f4f4c",
        "is_verified": false,
        "line_number": 54
      },
      {
        "type": "Secret Keyword",
        "filename": "tidal_dl/lang/polish.py",
        "hashed_secret": "cd4f8ab4a74214e0f82c3609021eeeb77dab781e",
        "is_verified": false,
        "line_number": 63
      }
    ],
    "tidal_dl/lang/portuguese.py": [
      {
        "type": "Secret Keyword",
        "filename": "tidal_dl/lang/portuguese.py",
        "hashed_secret": "dc0b3fa89a44bae19224a7deef8b9a64e9e91173",
        "is_verified": false,
        "line_number": 41
      },
      {
        "type": "Secret Keyword",
        "filename": "tidal_dl/lang/portuguese.py",
        "hashed_secret": "49b60a21bc7262eaa1e381c76e734e5235a9901a",
        "is_verified": false,
        "line_number": 54
      },
      {
        "type": "Secret Keyword",
        "filename": "tidal_dl/lang/portuguese.py",
        "hashed_secret": "9da46b4e78b3bb5e1afea16678706111ee4015a4",
        "is_verified": false,
        "line_number": 63
      }
    ],
    "tidal_dl/lang/russian.py": [
      {
        "type": "Secret Keyword",
        "filename": "tidal_dl/lang/russian.py",
        "hashed_secret": "73c0a56f40740c4c85d405409083446c710805d9",
        "is_verified": false,
        "line_number": 41
      },
      {
        "type": "Secret Keyword",
        "filename": "tidal_dl/lang/russian.py",
        "hashed_secret": "2f30dad66024ffaceac6622598282c3ff9824927",
        "is_verified": false,
        "line_number": 54
      }
    ],
    "tidal_dl/lang/spanish.py": [
      {
        "type": "Secret Keyword",
        "filename": "tidal_dl/lang/spanish.py",
        "hashed_secret": "ba140f776c5e337b9f4962db956fcbfd5ec6517f",
        "is_verified": false,
        "line_number": 41
      },
      {
        "type": "Secret Keyword",
        "filename": "tidal_dl/lang/spanish.py",
        "hashed_secret": "07ed89f9091c590d6e361c98cf7d3251819c819a",
        "is_verified": false,
        "line_number": 54
      },
      {
        "type": "Secret Keyword",
        "filename": "tidal_dl/lang/spanish.py",
        "hashed_secret": "a2364dc0da256d4d321493b43f432967c3a72e1b",
        "is_verified": false,
        "line_number": 63
      }
    ],
    "tidal_dl/lang/turkish.py": [
      {
        "type": "Secret Keyword",
        "filename": "tidal_dl/lang/turkish.py",
        "hashed_secret": "73c0a56f40740c4c85d405409083446c710805d9",
        "is_verified": false,
        "line_number": 41
      },
      {
        "type": "Secret Keyword",
        "filename": "tidal_dl/lang/turkish.py",
        "hashed_secret": "2f30dad66024ffaceac6622598282c3ff9824927",
        "is_verified": false,
        "line_number": 54
      },
      {
        "type": "Secret Keyword",
        "filename": "tidal_dl/lang/turkish.py",
        "hashed_secret": "76cf44374c298a7baf9cd85d9f2028f76fd603d8",
        "is_verified": false,
        "line_number": 63
      }
    ],
    "tidal_dl/lang/ukrainian.py": [
      {
        "type": "Secret Keyword",
        "filename": "tidal_dl/lang/ukrainian.py",
        "hashed_secret": "414abf1364c33e74f3e3f8e5e88a46ad879f5289",
        "is_verified": false,
        "line_number": 41
      },
      {
        "type": "Secret Keyword",
        "filename": "tidal_dl/lang/ukrainian.py",
        "hashed_secret": "5afad8e1de25f8ff0221f04aae05202c0aa1b7aa",
        "is_verified": false,
        "line_number": 54
      }
    ],
    "tidal_dl/lang/vietnamese.py": [
      {
        "type": "Secret Keyword",
        "filename": "tidal_dl/lang/vietnamese.py",
        "hashed_secret": "7767e29ccaecb3534bfee75008bbb334d410872b",
        "is_verified": false,
        "line_number": 41
      },
      {
        "type": "Secret Keyword",
        "filename": "tidal_dl/lang/vietnamese.py",
        "hashed_secret": "b6feda85648047369df99d239682033a7eebbc9f",
        "is_verified": false,
        "line_number": 54
      },
      {
        "type": "Secret Keyword",
        "filename": "tidal_dl/lang/vietnamese.py",
        "hashed_secret": "0b28c42766ae311e321760c94c34be2c6a3fed07",
        "is_verified": false,
        "line_number": 63
      }
    ],
    "tidal_dl/tidal.py": [
      {
        "type": "Base64 High Entropy String",
        "filename": "tidal_dl/tidal.py",
        "hashed_secret": "0275f3e92d700f6eeab1f06a3d7a04e78b12a973",
        "is_verified": false,
        "line_number": 27
      },
      {
        "type": "Secret Keyword",
        "filename": "tidal_dl/tidal.py",
        "hashed_secret": "0275f3e92d700f6eeab1f06a3d7a04e78b12a973",
        "is_verified": false,
        "line_number": 27
      }
    ],
    "tidalapi/__init__.py": [
      {
        "type": "Base64 High Entropy String",
        "filename": "tidalapi/__init__.py",
        "hashed_secret": "32e57ea47e7bd067e920083fd6af1f110b11a640",
        "is_verified": false,
        "line_number": 116
      },
      {
        "type": "Base64 High Entropy String",
        "filename": "tidalapi/__init__.py",
        "hashed_secret": "66df61ec9e5305827271e217e012385cd8081d4e",
        "is_verified": false,
        "line_number": 215
      }
    ],
    "tox.ini": [
      {
        "type": "Secret Keyword",
        "filename": "tox.ini",
        "hashed_secret": "a94a8fe5ccb19ba61c4c0873d391e987982fbbd3",
        "is_verified": false,
        "line_number": 41
      }
    ]
  },
  "generated_at": "2025-07-08T06:49:13Z"
}
